// Jest Snapshot v1, https://goo.gl/fbAQLP

exports[`Snapshot testing sample Snapshot testing of AdminHome component 1`] = `
<div
  style={
    Object {
      "marginTop": "20px",
    }
  }
>
  <center>
    <h2>
      ADMIN HOME
    </h2>
    <br />
    <br />
    <a
      href="/admin-file-upload"
      onClick={[Function]}
    >
      <button
        class="btn btn-info btn-lg"
        style={
          Object {
            "marginRight": "50px",
            "width": "40%",
          }
        }
        type="button"
      >
        File Upload
      </button>
    </a>
    <a
      href="/admin-file-download"
      onClick={[Function]}
    >
      <button
        class="btn btn-info btn-lg"
        style={
          Object {
            "width": "40%",
          }
        }
        type="button"
      >
        Download Files
      </button>
    </a>
    <a
      href="/admin-add-new-submission-type"
      onClick={[Function]}
    >
      <button
        class="btn btn-success btn-lg"
        style={
          Object {
            "marginRight": "50px",
            "marginTop": "30px",
            "width": "40%",
          }
        }
        type="button"
      >
        Add Submission Type
      </button>
    </a>
    <a
      href="/admin-submission-type-list"
      onClick={[Function]}
    >
      <button
        class="btn btn-success btn-lg"
        style={
          Object {
            "marginTop": "30px",
            "width": "40%",
          }
        }
        type="button"
      >
        View Submission Types
      </button>
    </a>
    <a
      href="/admin-marking-upload"
      onClick={[Function]}
    >
      <button
        class="btn btn-primary btn-lg"
        style={
          Object {
            "marginRight": "50px",
            "marginTop": "30px",
            "width": "40%",
          }
        }
        type="button"
      >
        Add Marking Scheme
      </button>
    </a>
    <a
      href="/admin-marking-download"
      onClick={[Function]}
    >
      <button
        class="btn btn-primary btn-lg"
        style={
          Object {
            "marginTop": "30px",
            "width": "40%",
          }
        }
        type="button"
      >
        View Marking Schemes
      </button>
    </a>
    <a
      href="/admin-all-students"
      onClick={[Function]}
    >
      <button
        class="btn btn-danger btn-lg"
        style={
          Object {
            "marginRight": "50px",
            "marginTop": "30px",
            "width": "40%",
          }
        }
        type="button"
      >
        View Students
      </button>
    </a>
    <a
      href="/admin-all-employees"
      onClick={[Function]}
    >
      <button
        class="btn btn-danger btn-lg"
        style={
          Object {
            "marginTop": "30px",
            "width": "40%",
          }
        }
        type="button"
      >
        View Employees
      </button>
    </a>
    <a
      href="/admin-group-list"
      onClick={[Function]}
    >
      <button
        class="btn btn-warning btn-lg"
        style={
          Object {
            "marginTop": "30px",
            "width": "85%",
          }
        }
        type="button"
      >
        Allocate Panel Members
      </button>
    </a>
  </center>
</div>
`;
